// Jest Snapshot v1, https://goo.gl/fbAQLP

exports[`PostDetail component should render as expected with title as props 1`] = `
<div>
  <Post />
</div>
`;
