// Jest Snapshot v1, https://goo.gl/fbAQLP

exports[`About component should render as expected 1`] = `
<div>
  <h1
    className="heading"
  >
    Hi ma name is John
  </h1>
  <p
    className="bio"
  >
    My name is John ima web developer
  </p>
</div>
`;
